Microchip MPLAB XC8 Compiler V1.41 ()

Linker command line:

-W-3 --edf=C:\Users\Andrew\Desktop\xc8\dat\en_msgs.txt -cs \
  -h+dist/default/production\project.X.production.sym \
  --cmf=dist/default/production\project.X.production.cmf -z -Q18F4620 \
  -oC:\Users\Andrew\AppData\Local\Temp\s7eg.2 \
  -Mdist/default/production/project.X.production.map -E1 -ver=XC8 \
  -ASTACK=080h-0f7fh -pstack=STACK -ACODE=00h-0FFFFh -ACONST=00h-0FFFFh \
  -ASMALLCONST=01000h-010FFhx240 -AMEDIUMCONST=01000h-0FFFFh \
  -ACOMRAM=01h-07Fh -AABS1=00h-0F7Fh -ABIGRAM=01h-0F7Fh \
  -ARAM=080h-0FFh,0100h-01FFhx14,0F00h-0F7Fh -ABANK0=080h-0FFh \
  -ABANK1=0100h-01FFh -ABANK2=0200h-02FFh -ABANK3=0300h-03FFh \
  -ABANK4=0400h-04FFh -ABANK5=0500h-05FFh -ABANK6=0600h-06FFh \
  -ABANK7=0700h-07FFh -ABANK8=0800h-08FFh -ABANK9=0900h-09FFh \
  -ABANK10=0A00h-0AFFh -ABANK11=0B00h-0BFFh -ABANK12=0C00h-0CFFh \
  -ABANK13=0D00h-0DFFh -ABANK14=0E00h-0EFFh -ABANK15=0F00h-0F7Fh \
  -ASFR=0F80h-0FFFh -preset_vec=00h,intcode,intcodelo,powerup,init \
  -pramtop=01000h -psmallconst=SMALLCONST -pmediumconst=MEDIUMCONST \
  -pconst=CONST -AFARRAM=00h-00h -ACONFIG=0300000h-030000Dh -pconfig=CONFIG \
  -AIDLOC=0200000h-0200007h -pidloc=IDLOC -AEEDATA=0F00000h-0F003FFh \
  -peeprom_data=EEDATA \
  -prdata=COMRAM,nvrram=COMRAM,nvbit=COMRAM,rbss=COMRAM,rbit=COMRAM \
  -pfarbss=FARRAM,fardata=FARRAM,nvFARRAM=FARRAM \
  -pintsave_regs=BIGRAM,bigbss=BIGRAM,bigdata=BIGRAM -pbss=RAM \
  -pidata=CODE,irdata=CODE,ibigdata=CODE,ifardata=CODE -prparam=COMRAM \
  C:\Users\Andrew\AppData\Local\Temp\s7eg.obj \
  dist/default/production\project.X.production.obj 

Object code version is 3.11

Machine type is 18F4620

Call graph: (short form)




                Name                               Link     Load   Length Selector   Space Scale
C:\Users\Andrew\AppData\Local\Temp\s7eg.obj
                init                                  0        0        4        0       0
                idloc                            200000   200000        8   200000       0
                config                           300000   300000        E   300000       0
dist/default/production\project.X.production.obj
                mediumconst                        FEB4     FEB4      14C     7F5A       0
                text30                             F0D4     F0D4       82     786A       0
                text29                             EF24     EF24       5A     7792       0
                text28                             F156     F156       90     78AB       0
                text27                             F1E6     F1E6       AE     78F3       0
                text26                             ECB6     ECB6       24     765B       0
                text25                             EFD8     EFD8       7C     77EC       0
                text24                             EC5E     EC5E       18     762F       0
                text23                             EC36     EC36       12     761B       0
                text22                             ECDA     ECDA       26     766D       0
                text21                             EC04     EC04        8     7602       0
                text20                             EC0C     EC0C        8     7606       0
                text19                             EC14     EC14        A     760A       0
                text18                             EF7E     EF7E       5A     77BF       0
                text17                             EE2A     EE2A       52     7715       0
                text16                             EECE     EECE       56     7767       0
                text15                             EC1E     EC1E        C     760F       0
                text14                             EDE4     EDE4       46     76F2       0
                text13                             EC94     EC94       22     764A       0
                text12                             EE7C     EE7C       52     773E       0
                text11                             EDA2     EDA2       42     76D1       0
                text10                             ED00     ED00       26     7680       0
                text9                              EC76     EC76       1E     763B       0
                text8                              EC2A     EC2A        C     7615       0
                text7                              F382     F382      30C     79C1       0
                text6                              F294     F294       EE     794A       0
                text5                              F054     F054       80     782A       0
                text4                              EBFC     EBFC        4     75FE       0
                text3                              ED26     ED26       3E     7693       0
                text2                              EC00     EC00        4     7600       0
                text1                              ED64     ED64       3E     76B2       0
                text0                              F68E     F68E      826     7B47       0
                cstackCOMRAM                          1        1       6A        1       1
                bssCOMRAM                            6B       6B        8        1       1
                cinit                              EC48     EC48       16     7624       0

TOTAL           Name                               Link     Load   Length     Space
        CLASS   STACK          

        CLASS   CODE           
                init                                  0        0        4         0
                text30                             F0D4     F0D4       82         0
                text29                             EF24     EF24       5A         0
                text28                             F156     F156       90         0
                text27                             F1E6     F1E6       AE         0
                text26                             ECB6     ECB6       24         0
                text25                             EFD8     EFD8       7C         0
                text24                             EC5E     EC5E       18         0
                text23                             EC36     EC36       12         0
                text22                             ECDA     ECDA       26         0
                text21                             EC04     EC04        8         0
                text20                             EC0C     EC0C        8         0
                text19                             EC14     EC14        A         0
                text18                             EF7E     EF7E       5A         0
                text17                             EE2A     EE2A       52         0
                text16                             EECE     EECE       56         0
                text15                             EC1E     EC1E        C         0
                text14                             EDE4     EDE4       46         0
                text13                             EC94     EC94       22         0
                text12                             EE7C     EE7C       52         0
                text11                             EDA2     EDA2       42         0
                text10                             ED00     ED00       26         0
                text9                              EC76     EC76       1E         0
                text8                              EC2A     EC2A        C         0
                text7                              F382     F382      30C         0
                text6                              F294     F294       EE         0
                text5                              F054     F054       80         0
                text4                              EBFC     EBFC        4         0
                text3                              ED26     ED26       3E         0
                text2                              EC00     EC00        4         0
                text1                              ED64     ED64       3E         0
                text0                              F68E     F68E      826         0
                cinit                              EC48     EC48       16         0

        CLASS   CONST          

        CLASS   SMALLCONST     

        CLASS   MEDIUMCONST    
                mediumconst                        FEB4     FEB4      14C         0

        CLASS   COMRAM         
                cstackCOMRAM                          1        1       6A         1
                bssCOMRAM                            6B       6B        8         1

        CLASS   ABS1           

        CLASS   BIGRAM         

        CLASS   RAM            

        CLASS   BANK0          

        CLASS   BANK1          

        CLASS   BANK2          

        CLASS   BANK3          

        CLASS   BANK4          

        CLASS   BANK5          

        CLASS   BANK6          

        CLASS   BANK7          

        CLASS   BANK8          

        CLASS   BANK9          

        CLASS   BANK10         

        CLASS   BANK11         

        CLASS   BANK12         

        CLASS   BANK13         

        CLASS   BANK14         

        CLASS   BANK15         

        CLASS   SFR            

        CLASS   FARRAM         

        CLASS   CONFIG         
                config                           300000   300000        E         0

        CLASS   IDLOC          
                idloc                            200000   200000        8         0

        CLASS   EEDATA         



SEGMENTS        Name                           Load    Length   Top    Selector   Space  Class

                reset_vec                      000000  000004  000004         0       0  CODE    
                cstackCOMRAM                   000001  000072  000073         1       1  COMRAM  
                text4                          00EBFC  000004  00EC00      75FE       0  CODE    
                text2                          00EC00  000004  00EC04      7600       0  CODE    
                text21                         00EC04  000008  00EC0C      7602       0  CODE    
                text20                         00EC0C  000008  00EC14      7606       0  CODE    
                text19                         00EC14  00000A  00EC1E      760A       0  CODE    
                text15                         00EC1E  00000C  00EC2A      760F       0  CODE    
                text8                          00EC2A  00000C  00EC36      7615       0  CODE    
                text23                         00EC36  000012  00EC48      761B       0  CODE    
                cinit                          00EC48  000016  00EC5E      7624       0  CODE    
                text24                         00EC5E  000018  00EC76      762F       0  CODE    
                text9                          00EC76  00001E  00EC94      763B       0  CODE    
                text13                         00EC94  000022  00ECB6      764A       0  CODE    
                text26                         00ECB6  000024  00ECDA      765B       0  CODE    
                text22                         00ECDA  000026  00ED00      766D       0  CODE    
                text10                         00ED00  000026  00ED26      7680       0  CODE    
                text3                          00ED26  00003E  00ED64      7693       0  CODE    
                text1                          00ED64  00003E  00EDA2      76B2       0  CODE    
                text11                         00EDA2  000042  00EDE4      76D1       0  CODE    
                text14                         00EDE4  000046  00EE2A      76F2       0  CODE    
                text17                         00EE2A  000052  00EE7C      7715       0  CODE    
                text12                         00EE7C  000052  00EECE      773E       0  CODE    
                text16                         00EECE  000056  00EF24      7767       0  CODE    
                text29                         00EF24  00005A  00EF7E      7792       0  CODE    
                text18                         00EF7E  00005A  00EFD8      77BF       0  CODE    
                text25                         00EFD8  00007C  00F054      77EC       0  CODE    
                text5                          00F054  000080  00F0D4      782A       0  CODE    
                text30                         00F0D4  000082  00F156      786A       0  CODE    
                text28                         00F156  000090  00F1E6      78AB       0  CODE    
                text27                         00F1E6  0000AE  00F294      78F3       0  CODE    
                text6                          00F294  0000EE  00F382      794A       0  CODE    
                text7                          00F382  00030C  00F68E      79C1       0  CODE    
                text0                          00F68E  000826  00FEB4      7B47       0  CODE    
                mediumconst                    00FEB4  00014C  010000      7F5A       0  MEDIUMCO
                idloc                          200000  000008  200008    200000       0  IDLOC   
                config                         300000  00000E  30000E    300000       0  CONFIG  


UNUSED ADDRESS RANGES

        Name                Unused          Largest block    Delta
        BANK0            000080-0000FF               80
        BANK1            000100-0001FF              100
        BANK10           000A00-000AFF              100
        BANK11           000B00-000BFF              100
        BANK12           000C00-000CFF              100
        BANK13           000D00-000DFF              100
        BANK14           000E00-000EFF              100
        BANK15           000F00-000F7F               80
        BANK2            000200-0002FF              100
        BANK3            000300-0003FF              100
        BANK4            000400-0004FF              100
        BANK5            000500-0005FF              100
        BANK6            000600-0006FF              100
        BANK7            000700-0007FF              100
        BANK8            000800-0008FF              100
        BANK9            000900-0009FF              100
        BIGRAM           000073-000F7F              F0D
        CODE             000004-00EBFB             EBF8
        COMRAM           000073-00007F                D
        CONST            000004-00EBFB             EBF8
        EEDATA           F00000-F003FF              400
        MEDIUMCONST      001000-00EBFB             DBFC
        RAM              000080-000F7F              100
        SFR              000F80-000FFF               80
        SMALLCONST       001000-00EBFB              100
        STACK            000080-000F7F              F00

                                  Symbol Table

?___ftpack                 cstackCOMRAM 000001
?___lldiv                  cstackCOMRAM 000001
?___lwdiv                  cstackCOMRAM 000001
?___lwmod                  cstackCOMRAM 000008
?___lwtoft                 cstackCOMRAM 000009
?___wmul                   cstackCOMRAM 000001
?_printf                   cstackCOMRAM 00000D
I2C_Master_Init@c          cstackCOMRAM 00000E
I2C_Master_Read@a          cstackCOMRAM 000002
I2C_Master_Read@temp       cstackCOMRAM 000003
I2C_Master_Write@d         cstackCOMRAM 000002
_ACKDT                     (abs)        007E2D
_ACKEN                     (abs)        007E2C
_ADCON0                    (abs)        000FC2
_ADCON1                    (abs)        000FC1
_I2C_Master_Init           text29       00EF24
_I2C_Master_Read           text22       00ECDA
_I2C_Master_Start          text21       00EC04
_I2C_Master_Stop           text20       00EC0C
_I2C_Master_Wait           text23       00EC36
_I2C_Master_Write          text19       00EC14
_INTCONbits                (abs)        000FF2
_LATA                      (abs)        000F89
_LATAbits                  (abs)        000F89
_LATB                      (abs)        000F8A
_LATD                      (abs)        000F8C
_LATDbits                  (abs)        000F8C
_LATE                      (abs)        000F8D
_LATEbits                  (abs)        000F8D
_OSCCON                    (abs)        000FD3
_PEN                       (abs)        007E2A
_PORTB                     (abs)        000F81
_PORTBbits                 (abs)        000F81
_RCEN                      (abs)        007E2B
_RSEN                      (abs)        007E29
_SEN                       (abs)        007E28
_SSPADD                    (abs)        000FC8
_SSPBUF                    (abs)        000FC9
_SSPCON1                   (abs)        000FC6
_SSPCON2                   (abs)        000FC5
_SSPSTAT                   (abs)        000FC7
_TRISA                     (abs)        000F92
_TRISB                     (abs)        000F93
_TRISC                     (abs)        000F94
_TRISC3                    (abs)        007CA3
_TRISC4                    (abs)        007CA4
_TRISD                     (abs)        000F95
_TRISE                     (abs)        000F96
__CFG_BOREN$SBORDIS        (abs)        000000
__CFG_BORV$3               (abs)        000000
__CFG_CCP2MX$PORTC         (abs)        000000
__CFG_CP0$OFF              (abs)        000000
__CFG_CP1$OFF              (abs)        000000
__CFG_CP2$OFF              (abs)        000000
__CFG_CP3$OFF              (abs)        000000
__CFG_CPB$OFF              (abs)        000000
__CFG_CPD$OFF              (abs)        000000
__CFG_DEBUG$OFF            (abs)        000000
__CFG_EBTR0$OFF            (abs)        000000
__CFG_EBTR1$OFF            (abs)        000000
__CFG_EBTR2$OFF            (abs)        000000
__CFG_EBTR3$OFF            (abs)        000000
__CFG_EBTRB$OFF            (abs)        000000
__CFG_FCMEN$OFF            (abs)        000000
__CFG_IESO$OFF             (abs)        000000
__CFG_LPT1OSC$OFF          (abs)        000000
__CFG_LVP$OFF              (abs)        000000
__CFG_MCLRE$ON             (abs)        000000
__CFG_OSC$INTIO67          (abs)        000000
__CFG_PBADEN$ON            (abs)        000000
__CFG_PWRT$OFF             (abs)        000000
__CFG_STVREN$ON            (abs)        000000
__CFG_WDT$OFF              (abs)        000000
__CFG_WDTPS$32768          (abs)        000000
__CFG_WRT0$OFF             (abs)        000000
__CFG_WRT1$OFF             (abs)        000000
__CFG_WRT2$OFF             (abs)        000000
__CFG_WRT3$OFF             (abs)        000000
__CFG_WRTB$OFF             (abs)        000000
__CFG_WRTC$OFF             (abs)        000000
__CFG_WRTD$OFF             (abs)        000000
__CFG_XINST$OFF            (abs)        000000
__HRAM                     (abs)        000000
__Habs1                    abs1         000000
__Hbank0                   bank0        000000
__Hbank1                   bank1        000000
__Hbank10                  bank10       000000
__Hbank11                  bank11       000000
__Hbank12                  bank12       000000
__Hbank13                  bank13       000000
__Hbank14                  bank14       000000
__Hbank15                  bank15       000000
__Hbank2                   bank2        000000
__Hbank3                   bank3        000000
__Hbank4                   bank4        000000
__Hbank5                   bank5        000000
__Hbank6                   bank6        000000
__Hbank7                   bank7        000000
__Hbank8                   bank8        000000
__Hbank9                   bank9        000000
__Hbigbss                  bigbss       000000
__Hbigdata                 bigdata      000000
__Hbigram                  bigram       000000
__Hbss                     bss          000000
__HbssCOMRAM               bssCOMRAM    000000
__Hcinit                   cinit        000000
__Hclrtext                 clrtext      000000
__Hcomram                  comram       000000
__Hconfig                  config       30000E
__Hconst                   const        000000
__HcstackCOMRAM            cstackCOMRAM 000000
__Hdata                    data         000000
__Heeprom_data             eeprom_data  000000
__Hfarbss                  farbss       000000
__Hfardata                 fardata      000000
__Hibigdata                ibigdata     000000
__Hidata                   idata        000000
__Hidloc                   idloc        200008
__Hifardata                ifardata     000000
__Hinit                    init         000004
__Hintcode                 intcode      000000
__Hintcode_body            intcode_body 000000
__Hintcodelo               intcodelo    000000
__Hintentry                intentry     000000
__Hintret                  intret       000000
__Hintsave_regs            intsave_regs 000000
__Hirdata                  irdata       000000
__Hmediumconst             mediumconst  010000
__HnvFARRAM                nvFARRAM     000000
__Hnvbit                   nvbit        000000
__Hnvrram                  nvrram       000000
__Hparam                   rparam       000000
__Hpowerup                 powerup      000000
__Hram                     ram          000000
__Hramtop                  ramtop       001000
__Hrbit                    rbit         000000
__Hrbss                    rbss         000000
__Hrdata                   rdata        000000
__Hreset_vec               reset_vec    000000
__Hrparam                  rparam       000000
__Hsfr                     sfr          000000
__Hsmallconst              smallconst   000000
__Hspace_0                 (abs)        30000E
__Hspace_1                 (abs)        000073
__Hspace_2                 (abs)        000000
__Hstack                   stack        000000
__Hstruct                  struct       000000
__Htemp                    temp         000000
__Htext                    text         000000
__Htext0                   text0        000000
__Htext1                   text1        000000
__Htext10                  text10       000000
__Htext11                  text11       000000
__Htext12                  text12       000000
__Htext13                  text13       000000
__Htext14                  text14       000000
__Htext15                  text15       000000
__Htext16                  text16       000000
__Htext17                  text17       000000
__Htext18                  text18       000000
__Htext19                  text19       000000
__Htext2                   text2        000000
__Htext20                  text20       000000
__Htext21                  text21       000000
__Htext22                  text22       000000
__Htext23                  text23       000000
__Htext24                  text24       000000
__Htext25                  text25       000000
__Htext26                  text26       000000
__Htext27                  text27       000000
__Htext28                  text28       000000
__Htext29                  text29       000000
__Htext3                   text3        000000
__Htext30                  text30       000000
__Htext4                   text4        000000
__Htext5                   text5        000000
__Htext6                   text6        000000
__Htext7                   text7        000000
__Htext8                   text8        000000
__Htext9                   text9        000000
__LRAM                     (abs)        000001
__Labs1                    abs1         000000
__Lbank0                   bank0        000000
__Lbank1                   bank1        000000
__Lbank10                  bank10       000000
__Lbank11                  bank11       000000
__Lbank12                  bank12       000000
__Lbank13                  bank13       000000
__Lbank14                  bank14       000000
__Lbank15                  bank15       000000
__Lbank2                   bank2        000000
__Lbank3                   bank3        000000
__Lbank4                   bank4        000000
__Lbank5                   bank5        000000
__Lbank6                   bank6        000000
__Lbank7                   bank7        000000
__Lbank8                   bank8        000000
__Lbank9                   bank9        000000
__Lbigbss                  bigbss       000000
__Lbigdata                 bigdata      000000
__Lbigram                  bigram       000000
__Lbss                     bss          000000
__LbssCOMRAM               bssCOMRAM    000000
__Lcinit                   cinit        000000
__Lclrtext                 clrtext      000000
__Lcomram                  comram       000000
__Lconfig                  config       300000
__Lconst                   const        000000
__LcstackCOMRAM            cstackCOMRAM 000000
__Ldata                    data         000000
__Leeprom_data             eeprom_data  000000
__Lfarbss                  farbss       000000
__Lfardata                 fardata      000000
__Libigdata                ibigdata     000000
__Lidata                   idata        000000
__Lidloc                   idloc        200000
__Lifardata                ifardata     000000
__Linit                    init         000000
__Lintcode                 intcode      000000
__Lintcode_body            intcode_body 000000
__Lintcodelo               intcodelo    000000
__Lintentry                intentry     000000
__Lintret                  intret       000000
__Lintsave_regs            intsave_regs 000000
__Lirdata                  irdata       000000
__Lmediumconst             mediumconst  00FEB4
__LnvFARRAM                nvFARRAM     000000
__Lnvbit                   nvbit        000000
__Lnvrram                  nvrram       000000
__Lparam                   rparam       000000
__Lpowerup                 powerup      000000
__Lram                     ram          000000
__Lramtop                  ramtop       001000
__Lrbit                    rbit         000000
__Lrbss                    rbss         000000
__Lrdata                   rdata        000000
__Lreset_vec               reset_vec    000000
__Lrparam                  rparam       000000
__Lsfr                     sfr          000000
__Lsmallconst              smallconst   000000
__Lspace_0                 (abs)        000000
__Lspace_1                 (abs)        000000
__Lspace_2                 (abs)        000000
__Lstack                   stack        000000
__Lstruct                  struct       000000
__Ltemp                    temp         000000
__Ltext                    text         000000
__Ltext0                   text0        000000
__Ltext1                   text1        000000
__Ltext10                  text10       000000
__Ltext11                  text11       000000
__Ltext12                  text12       000000
__Ltext13                  text13       000000
__Ltext14                  text14       000000
__Ltext15                  text15       000000
__Ltext16                  text16       000000
__Ltext17                  text17       000000
__Ltext18                  text18       000000
__Ltext19                  text19       000000
__Ltext2                   text2        000000
__Ltext20                  text20       000000
__Ltext21                  text21       000000
__Ltext22                  text22       000000
__Ltext23                  text23       000000
__Ltext24                  text24       000000
__Ltext25                  text25       000000
__Ltext26                  text26       000000
__Ltext27                  text27       000000
__Ltext28                  text28       000000
__Ltext29                  text29       000000
__Ltext3                   text3        000000
__Ltext30                  text30       000000
__Ltext4                   text4        000000
__Ltext5                   text5        000000
__Ltext6                   text6        000000
__Ltext7                   text7        000000
__Ltext8                   text8        000000
__Ltext9                   text9        000000
__S0                       (abs)        30000E
__S1                       (abs)        000073
__S2                       (abs)        000000
___ftge                    text28       00F156
___ftge@ff1                cstackCOMRAM 00000C
___ftge@ff2                cstackCOMRAM 00000F
___ftpack                  text27       00F1E6
___ftpack@arg              cstackCOMRAM 000001
___ftpack@exp              cstackCOMRAM 000004
___ftpack@sign             cstackCOMRAM 000005
___inthi_sp                stack        000000
___intlo_sp                stack        000000
___lldiv                   text30       00F0D4
___lldiv@counter           cstackCOMRAM 00000D
___lldiv@dividend          cstackCOMRAM 000001
___lldiv@divisor           cstackCOMRAM 000005
___lldiv@quotient          cstackCOMRAM 000009
___lwdiv                   text12       00EE7C
___lwdiv@counter           cstackCOMRAM 000007
___lwdiv@dividend          cstackCOMRAM 000001
___lwdiv@divisor           cstackCOMRAM 000003
___lwdiv@quotient          cstackCOMRAM 000005
___lwmod                   text11       00EDA2
___lwmod@counter           cstackCOMRAM 00000C
___lwmod@dividend          cstackCOMRAM 000008
___lwmod@divisor           cstackCOMRAM 00000A
___lwtoft                  text26       00ECB6
___lwtoft@c                cstackCOMRAM 000009
___param_bank              (abs)        000000
___rparam_used             (abs)        000001
___sp                      stack        000000
___wmul                    text10       00ED00
___wmul@multiplicand       cstackCOMRAM 000003
___wmul@multiplier         cstackCOMRAM 000001
___wmul@product            cstackCOMRAM 000005
__accesstop                (abs)        000080
__activetblptr             (abs)        000002
__end_of_I2C_Master_Init   text29       00EF7E
__end_of_I2C_Master_Read   text22       00ED00
__end_of_I2C_Master_Start  text21       00EC0C
__end_of_I2C_Master_Stop   text20       00EC14
__end_of_I2C_Master_Wait   text23       00EC48
__end_of_I2C_Master_Write  text19       00EC1E
__end_of___ftge            text28       00F1E6
__end_of___ftpack          text27       00F294
__end_of___lldiv           text30       00F156
__end_of___lwdiv           text12       00EECE
__end_of___lwmod           text11       00EDE4
__end_of___lwtoft          text26       00ECDA
__end_of___wmul            text10       00ED26
__end_of__initialization   cinit        00EC54
__end_of_activate_stepper  text25       00F054
__end_of_agitator_move     text24       00EC76
__end_of_check_B_press     text17       00EE7C
__end_of_dpowers           mediumconst  00FEBF
__end_of_hexpowers         mediumconst  00FEC7
__end_of_initLCD           text14       00EE2A
__end_of_isdigit           text9        00EC94
__end_of_lcdInst           text15       00EC2A
__end_of_lcdNibble         text16       00EF24
__end_of_main              text0        00FEB4
__end_of_poweroff_sensor   text13       00ECB6
__end_of_printf            text7        00F68E
__end_of_putch             text8        00EC36
__end_of_read_sensor       text6        00F382
__end_of_return_motors     text5        00F0D4
__end_of_rotate            text4        00EC00
__end_of_set_time          text3        00ED64
__end_of_stop_rotate       text2        00EC04
__end_of_tca_select        text1        00EDA2
__end_of_timer_done        text18       00EFD8
__initialization           cinit        00EC48
__mediumconst              mediumconst  00FEB4
__pbssCOMRAM               bssCOMRAM    00006B
__pcinit                   cinit        00EC48
__pcstackCOMRAM            cstackCOMRAM 000001
__pmediumconst             mediumconst  00FEB4
__ptext0                   text0        00F68E
__ptext1                   text1        00ED64
__ptext10                  text10       00ED00
__ptext11                  text11       00EDA2
__ptext12                  text12       00EE7C
__ptext13                  text13       00EC94
__ptext14                  text14       00EDE4
__ptext15                  text15       00EC1E
__ptext16                  text16       00EECE
__ptext17                  text17       00EE2A
__ptext18                  text18       00EF7E
__ptext19                  text19       00EC14
__ptext2                   text2        00EC00
__ptext20                  text20       00EC0C
__ptext21                  text21       00EC04
__ptext22                  text22       00ECDA
__ptext23                  text23       00EC36
__ptext24                  text24       00EC5E
__ptext25                  text25       00EFD8
__ptext26                  text26       00ECB6
__ptext27                  text27       00F1E6
__ptext28                  text28       00F156
__ptext29                  text29       00EF24
__ptext3                   text3        00ED26
__ptext30                  text30       00F0D4
__ptext4                   text4        00EBFC
__ptext5                   text5        00F054
__ptext6                   text6        00F294
__ptext7                   text7        00F382
__ptext8                   text8        00EC2A
__ptext9                   text9        00EC76
__ramtop                   ramtop       001000
__size_of_I2C_Master_Init  (abs)        000000
__size_of_I2C_Master_Read  (abs)        000000
__size_of_I2C_Master_Start (abs)        000000
__size_of_I2C_Master_Stop  (abs)        000000
__size_of_I2C_Master_Wait  (abs)        000000
__size_of_I2C_Master_Write (abs)        000000
__size_of___ftge           (abs)        000000
__size_of___ftpack         (abs)        000000
__size_of___lldiv          (abs)        000000
__size_of___lwdiv          (abs)        000000
__size_of___lwmod          (abs)        000000
__size_of___lwtoft         (abs)        000000
__size_of___wmul           (abs)        000000
__size_of_activate_stepper (abs)        000000
__size_of_agitator_move    (abs)        000000
__size_of_check_B_press    (abs)        000000
__size_of_initLCD          (abs)        000000
__size_of_isdigit          (abs)        000000
__size_of_lcdInst          (abs)        000000
__size_of_lcdNibble        (abs)        000000
__size_of_main             (abs)        000000
__size_of_poweroff_sensor  (abs)        000000
__size_of_printf           (abs)        000000
__size_of_putch            (abs)        000000
__size_of_read_sensor      (abs)        000000
__size_of_return_motors    (abs)        000000
__size_of_rotate           (abs)        000000
__size_of_set_time         (abs)        000000
__size_of_stop_rotate      (abs)        000000
__size_of_tca_select       (abs)        000000
__size_of_timer_done       (abs)        000000
__smallconst               smallconst   000000
_activate_stepper          text25       00EFD8
_agitator_move             text24       00EC5E
_check_B_press             text17       00EE2A
_dpowers                   mediumconst  00FEB5
_hexpowers                 mediumconst  00FEBF
_initLCD                   text14       00EDE4
_isdigit                   text9        00EC76
_isdigit$716               cstackCOMRAM 000002
_lcdInst                   text15       00EC1E
_lcdNibble                 text16       00EECE
_main                      text0        00F68E
_poweroff_sensor           text13       00EC94
_printf                    text7        00F382
_putch                     text8        00EC2A
_read_sensor               text6        00F294
_return_motors             text5        00F054
_rotate                    text4        00EBFC
_set_time                  text3        00ED26
_stop_rotate               text2        00EC00
_tca_select                text1        00ED64
_timer_done                text18       00EF7E
activate_stepper@i         cstackCOMRAM 000004
activate_stepper@motor     cstackCOMRAM 000003
agitator_move@a            cstackCOMRAM 000002
agitator_move@b            cstackCOMRAM 000001
check_B_press@key          cstackCOMRAM 000009
check_B_press@time         cstackCOMRAM 000006
end_of_initialization      cinit        00EC54
intlevel0                  text         000000
intlevel1                  text         000000
intlevel2                  text         000000
intlevel3                  text         000000
isdigit@c                  cstackCOMRAM 000003
lcdInst@data               cstackCOMRAM 000003
lcdNibble@data             cstackCOMRAM 000002
lcdNibble@temp             cstackCOMRAM 000001
main@B1                    cstackCOMRAM 00003B
main@B2                    cstackCOMRAM 000041
main@B3                    cstackCOMRAM 000045
main@C1                    cstackCOMRAM 000055
main@C2                    cstackCOMRAM 00003D
main@C3                    cstackCOMRAM 000057
main@F3227                 bssCOMRAM    00006B
main@G1                    cstackCOMRAM 000025
main@G2                    cstackCOMRAM 000027
main@G3                    cstackCOMRAM 000029
main@R1                    cstackCOMRAM 000039
main@R2                    cstackCOMRAM 00003F
main@R3                    cstackCOMRAM 000043
main@b1                    cstackCOMRAM 00005B
main@b2                    cstackCOMRAM 00004B
main@b3                    cstackCOMRAM 00004F
main@bcap1                 cstackCOMRAM 000031
main@bcap3                 cstackCOMRAM 000033
main@binsCount             cstackCOMRAM 000062
main@c1                    cstackCOMRAM 000047
main@c2                    cstackCOMRAM 00002B
main@c3                    cstackCOMRAM 000051
main@currentMotor          cstackCOMRAM 00006A
main@finalTime             cstackCOMRAM 00005F
main@keypress              cstackCOMRAM 000037
main@keypress_348          cstackCOMRAM 000061
main@keypress_364          cstackCOMRAM 000038
main@r1                    cstackCOMRAM 000059
main@r2                    cstackCOMRAM 000049
main@r3                    cstackCOMRAM 00004D
main@rcap1                 cstackCOMRAM 00002D
main@rcap2                 cstackCOMRAM 00002F
main@tot1                  cstackCOMRAM 00005D
main@tot2                  cstackCOMRAM 000053
main@tot3                  cstackCOMRAM 000023
main@totalCount            cstackCOMRAM 000035
printf@ap                  cstackCOMRAM 000018
printf@c                   cstackCOMRAM 000020
printf@f                   cstackCOMRAM 00000D
printf@flag                cstackCOMRAM 00001D
printf@idx                 cstackCOMRAM 000017
printf@prec                cstackCOMRAM 00001A
printf@val                 cstackCOMRAM 00001B
printf@width               cstackCOMRAM 00001E
putch@data                 cstackCOMRAM 000003
read_sensor@b              cstackCOMRAM 000008
read_sensor@c              cstackCOMRAM 00000A
read_sensor@g              cstackCOMRAM 000006
read_sensor@r              cstackCOMRAM 000004
return_motors@i            cstackCOMRAM 000004
return_motors@motor        cstackCOMRAM 000003
set_time@i                 cstackCOMRAM 000004
stackhi                    (abs)        000F7F
stacklo                    (abs)        000080
start                      init         000000
start_initialization       cinit        00EC48
tca_select@i               cstackCOMRAM 000007
timer_done@time            cstackCOMRAM 000004


FUNCTION INFORMATION:

 *************** function _main *****************
 Defined at:
		line 256 in file "main.c"
 Parameters:    Size  Location     Type
		None
 Auto vars:     Size  Location     Type
  keypress        1   55[COMRAM] unsigned char 
  currentMotor    1  105[COMRAM] unsigned char 
  keypress        1   96[COMRAM] unsigned char 
  keypress        1   54[COMRAM] unsigned char 
  binsCount       8   97[COMRAM] unsigned int [4]
  finalTime       2   94[COMRAM] unsigned char [2]
  C3              2   86[COMRAM] unsigned char [2]
  C1              2   84[COMRAM] unsigned char [2]
  B3              2   68[COMRAM] unsigned char [2]
  R3              2   66[COMRAM] unsigned char [2]
  B2              2   64[COMRAM] unsigned char [2]
  R2              2   62[COMRAM] unsigned char [2]
  C2              2   60[COMRAM] unsigned char [2]
  B1              2   58[COMRAM] unsigned char [2]
  R1              2   56[COMRAM] unsigned char [2]
  tot1            2   92[COMRAM] unsigned int 
  b1              2   90[COMRAM] unsigned int 
  r1              2   88[COMRAM] unsigned int 
  tot2            2   82[COMRAM] unsigned int 
  c3              2   80[COMRAM] unsigned int 
  b3              2   78[COMRAM] unsigned int 
  r3              2   76[COMRAM] unsigned int 
  b2              2   74[COMRAM] unsigned int 
  r2              2   72[COMRAM] unsigned int 
  c1              2   70[COMRAM] unsigned int 
  G3              2   40[COMRAM] unsigned char [2]
  G2              2   38[COMRAM] unsigned char [2]
  G1              2   36[COMRAM] unsigned char [2]
  totalCount      2   52[COMRAM] unsigned short 
  bcap3           2   50[COMRAM] unsigned int 
  bcap1           2   48[COMRAM] unsigned int 
  rcap2           2   46[COMRAM] unsigned int 
  rcap1           2   44[COMRAM] unsigned int 
  c2              2   42[COMRAM] unsigned int 
  tot3            2   34[COMRAM] unsigned int 
 Return value:  Size  Location     Type
                  1    wreg      void 
 Registers used:
		wreg, fsr1l, fsr1h, fsr2l, fsr2h, status,2, status,0, tblptrl, tblptrh, tblptru, prodl, prodh, cstack
 Tracked objects:
		On entry : 
		On exit  : 
		Unchanged: 
 Data sizes:     COMRAM   BANK0   BANK1   BANK2   BANK3   BANK4   BANK5   BANK6   BANK7   BANK8   BANK9  BANK10  BANK11  BANK12  BANK13  BANK14  BANK15
      Params:         0       0       0       0       0       0       0       0       0       0       0       0       0       0       0       0       0
      Locals:        72       0       0       0       0       0       0       0       0       0       0       0       0       0       0       0       0
      Temps:          2       0       0       0       0       0       0       0       0       0       0       0       0       0       0       0       0
      Totals:        74       0       0       0       0       0       0       0       0       0       0       0       0       0       0       0       0
Total ram usage:       74 bytes
 Hardware stack levels required when called:    4
 This function calls:
		_I2C_Master_Init
		___ftge
		___lwdiv
		___lwtoft
		_activate_stepper
		_agitator_move
		_check_B_press
		_initLCD
		_lcdInst
		_poweroff_sensor
		_printf
		_read_sensor
		_return_motors
		_rotate
		_set_time
		_stop_rotate
		_tca_select
 This function is called by:
		Startup code after reset
 This function uses a non-reentrant model


 *************** function _tca_select *****************
 Defined at:
		line 140 in file "main.c"
 Parameters:    Size  Location     Type
  i               1    wreg     unsigned char 
 Auto vars:     Size  Location     Type
  i               1    6[COMRAM] unsigned char 
 Return value:  Size  Location     Type
                  1    wreg      void 
 Registers used:
		wreg, status,2, status,0, cstack
 Tracked objects:
		On entry : 
		On exit  : 
		Unchanged: 
 Data sizes:     COMRAM   BANK0   BANK1   BANK2   BANK3   BANK4   BANK5   BANK6   BANK7   BANK8   BANK9  BANK10  BANK11  BANK12  BANK13  BANK14  BANK15
      Params:         0       0       0       0       0       0       0       0       0       0       0       0       0       0       0       0       0
      Locals:         1       0       0       0       0       0       0       0       0       0       0       0       0       0       0       0       0
      Temps:          3       0       0       0       0       0       0       0       0       0       0       0       0       0       0       0       0
      Totals:         4       0       0       0       0       0       0       0       0       0       0       0       0       0       0       0       0
Total ram usage:        4 bytes
 Hardware stack levels used:    1
 Hardware stack levels required when called:    2
 This function calls:
		_I2C_Master_Start
		_I2C_Master_Stop
		_I2C_Master_Write
 This function is called by:
		_main
 This function uses a non-reentrant model


 *************** function _stop_rotate *****************
 Defined at:
		line 47 in file "main.c"
 Parameters:    Size  Location     Type
		None
 Auto vars:     Size  Location     Type
		None
 Return value:  Size  Location     Type
                  1    wreg      void 
 Registers used:
		None
 Tracked objects:
		On entry : 
		On exit  : 
		Unchanged: 
 Data sizes:     COMRAM   BANK0   BANK1   BANK2   BANK3   BANK4   BANK5   BANK6   BANK7   BANK8   BANK9  BANK10  BANK11  BANK12  BANK13  BANK14  BANK15
      Params:         0       0       0       0       0       0       0       0       0       0       0       0       0       0       0       0       0
      Locals:         0       0       0       0       0       0       0       0       0       0       0       0       0       0       0       0       0
      Temps:          0       0       0       0       0       0       0       0       0       0       0       0       0       0       0       0       0
      Totals:         0       0       0       0       0       0       0       0       0       0       0       0       0       0       0       0       0
Total ram usage:        0 bytes
 Hardware stack levels used:    1
 This function calls:
		Nothing
 This function is called by:
		_main
 This function uses a non-reentrant model


 *************** function _set_time *****************
 Defined at:
		line 20 in file "main.c"
 Parameters:    Size  Location     Type
		None
 Auto vars:     Size  Location     Type
  i               1    3[COMRAM] unsigned char 
 Return value:  Size  Location     Type
                  1    wreg      void 
 Registers used:
		wreg, status,2, status,0, cstack
 Tracked objects:
		On entry : 
		On exit  : 
		Unchanged: 
 Data sizes:     COMRAM   BANK0   BANK1   BANK2   BANK3   BANK4   BANK5   BANK6   BANK7   BANK8   BANK9  BANK10  BANK11  BANK12  BANK13  BANK14  BANK15
      Params:         0       0       0       0       0       0       0       0       0       0       0       0       0       0       0       0       0
      Locals:         1       0       0       0       0       0       0       0       0       0       0       0       0       0       0       0       0
      Temps:          0       0       0       0       0       0       0       0       0       0       0       0       0       0       0       0       0
      Totals:         1       0       0       0       0       0       0       0       0       0       0       0       0       0       0       0       0
Total ram usage:        1 bytes
 Hardware stack levels used:    1
 Hardware stack levels required when called:    2
 This function calls:
		_I2C_Master_Start
		_I2C_Master_Stop
		_I2C_Master_Write
 This function is called by:
		_main
 This function uses a non-reentrant model


 *************** function _rotate *****************
 Defined at:
		line 43 in file "main.c"
 Parameters:    Size  Location     Type
		None
 Auto vars:     Size  Location     Type
		None
 Return value:  Size  Location     Type
                  1    wreg      void 
 Registers used:
		None
 Tracked objects:
		On entry : 
		On exit  : 
		Unchanged: 
 Data sizes:     COMRAM   BANK0   BANK1   BANK2   BANK3   BANK4   BANK5   BANK6   BANK7   BANK8   BANK9  BANK10  BANK11  BANK12  BANK13  BANK14  BANK15
      Params:         0       0       0       0       0       0       0       0       0       0       0       0       0       0       0       0       0
      Locals:         0       0       0       0       0       0       0       0       0       0       0       0       0       0       0       0       0
      Temps:          0       0       0       0       0       0       0       0       0       0       0       0       0       0       0       0       0
      Totals:         0       0       0       0       0       0       0       0       0       0       0       0       0       0       0       0       0
Total ram usage:        0 bytes
 Hardware stack levels used:    1
 This function calls:
		Nothing
 This function is called by:
		_main
 This function uses a non-reentrant model


 *************** function _return_motors *****************
 Defined at:
		line 96 in file "main.c"
 Parameters:    Size  Location     Type
  motor           1    wreg     unsigned char 
 Auto vars:     Size  Location     Type
  motor           1    2[COMRAM] unsigned char 
  i               1    3[COMRAM] unsigned char 
 Return value:  Size  Location     Type
                  1    wreg      void 
 Registers used:
		wreg, status,2, status,0
 Tracked objects:
		On entry : 
		On exit  : 
		Unchanged: 
 Data sizes:     COMRAM   BANK0   BANK1   BANK2   BANK3   BANK4   BANK5   BANK6   BANK7   BANK8   BANK9  BANK10  BANK11  BANK12  BANK13  BANK14  BANK15
      Params:         0       0       0       0       0       0       0       0       0       0       0       0       0       0       0       0       0
      Locals:         2       0       0       0       0       0       0       0       0       0       0       0       0       0       0       0       0
      Temps:          2       0       0       0       0       0       0       0       0       0       0       0       0       0       0       0       0
      Totals:         4       0       0       0       0       0       0       0       0       0       0       0       0       0       0       0       0
Total ram usage:        4 bytes
 Hardware stack levels used:    1
 This function calls:
		Nothing
 This function is called by:
		_main
 This function uses a non-reentrant model


 *************** function _read_sensor *****************
 Defined at:
		line 56 in file "main.c"
 Parameters:    Size  Location     Type
  r               2    3[COMRAM] PTR unsigned char 
		 -> main@R3(2), main@R2(2), main@R1(2), 
  g               2    5[COMRAM] PTR unsigned char 
		 -> main@G3(2), main@G2(2), main@G1(2), 
  b               2    7[COMRAM] PTR unsigned char 
		 -> main@B3(2), main@B2(2), main@B1(2), 
  c               2    9[COMRAM] PTR unsigned char 
		 -> main@C3(2), main@C2(2), main@C1(2), 
 Auto vars:     Size  Location     Type
		None
 Return value:  Size  Location     Type
                  1    wreg      void 
 Registers used:
		wreg, fsr2l, fsr2h, status,2, status,0, cstack
 Tracked objects:
		On entry : 
		On exit  : 
		Unchanged: 
 Data sizes:     COMRAM   BANK0   BANK1   BANK2   BANK3   BANK4   BANK5   BANK6   BANK7   BANK8   BANK9  BANK10  BANK11  BANK12  BANK13  BANK14  BANK15
      Params:         8       0       0       0       0       0       0       0       0       0       0       0       0       0       0       0       0
      Locals:         0       0       0       0       0       0       0       0       0       0       0       0       0       0       0       0       0
      Temps:          0       0       0       0       0       0       0       0       0       0       0       0       0       0       0       0       0
      Totals:         8       0       0       0       0       0       0       0       0       0       0       0       0       0       0       0       0
Total ram usage:        8 bytes
 Hardware stack levels used:    1
 Hardware stack levels required when called:    2
 This function calls:
		_I2C_Master_Read
		_I2C_Master_Start
		_I2C_Master_Stop
		_I2C_Master_Write
 This function is called by:
		_main
 This function uses a non-reentrant model


 *************** function _printf *****************
 Defined at:
		line 464 in file "C:\Users\Andrew\Desktop\xc8\sources\common\doprnt.c"
 Parameters:    Size  Location     Type
  f               2   12[COMRAM] PTR const unsigned char 
		 -> STR_20(20), STR_19(19), STR_18(12), STR_17(18), 
		 -> STR_16(13), STR_15(17), STR_14(13), STR_13(14), 
		 -> STR_12(13), STR_11(16), STR_10(15), STR_9(13), 
		 -> STR_8(12), STR_7(17), STR_6(14), STR_5(14), 
		 -> STR_4(17), STR_3(9), STR_2(12), STR_1(16), 
 Auto vars:     Size  Location     Type
  idx             1   22[COMRAM] unsigned char 
  tmpval          4    0        struct .
  cp              3    0        PTR const unsigned char 
  width           2   29[COMRAM] int 
  val             2   26[COMRAM] unsigned int 
  ap              2   23[COMRAM] PTR void [1]
		 -> ?_printf(2), 
  len             2    0        unsigned int 
  c               1   31[COMRAM] char 
  flag            1   28[COMRAM] unsigned char 
  prec            1   25[COMRAM] char 
 Return value:  Size  Location     Type
                  2   12[COMRAM] int 
 Registers used:
		wreg, fsr2l, fsr2h, status,2, status,0, tblptrl, tblptrh, tblptru, prodl, prodh, cstack
 Tracked objects:
		On entry : 
		On exit  : 
		Unchanged: 
 Data sizes:     COMRAM   BANK0   BANK1   BANK2   BANK3   BANK4   BANK5   BANK6   BANK7   BANK8   BANK9  BANK10  BANK11  BANK12  BANK13  BANK14  BANK15
      Params:         6       0       0       0       0       0       0       0       0       0       0       0       0       0       0       0       0
      Locals:        10       0       0       0       0       0       0       0       0       0       0       0       0       0       0       0       0
      Temps:          4       0       0       0       0       0       0       0       0       0       0       0       0       0       0       0       0
      Totals:        20       0       0       0       0       0       0       0       0       0       0       0       0       0       0       0       0
Total ram usage:       20 bytes
 Hardware stack levels used:    1
 Hardware stack levels required when called:    2
 This function calls:
		___lwdiv
		___lwmod
		___wmul
		_isdigit
		_putch
 This function is called by:
		_main
 This function uses a non-reentrant model


 *************** function _putch *****************
 Defined at:
		line 30 in file "lcd.c"
 Parameters:    Size  Location     Type
  data            1    wreg     unsigned char 
 Auto vars:     Size  Location     Type
  data            1    2[COMRAM] unsigned char 
 Return value:  Size  Location     Type
                  1    wreg      void 
 Registers used:
		wreg, status,2, status,0, cstack
 Tracked objects:
		On entry : 
		On exit  : 
		Unchanged: 
 Data sizes:     COMRAM   BANK0   BANK1   BANK2   BANK3   BANK4   BANK5   BANK6   BANK7   BANK8   BANK9  BANK10  BANK11  BANK12  BANK13  BANK14  BANK15
      Params:         0       0       0       0       0       0       0       0       0       0       0       0       0       0       0       0       0
      Locals:         1       0       0       0       0       0       0       0       0       0       0       0       0       0       0       0       0
      Temps:          0       0       0       0       0       0       0       0       0       0       0       0       0       0       0       0       0
      Totals:         1       0       0       0       0       0       0       0       0       0       0       0       0       0       0       0       0
Total ram usage:        1 bytes
 Hardware stack levels used:    1
 Hardware stack levels required when called:    1
 This function calls:
		_lcdNibble
 This function is called by:
		_printf
 This function uses a non-reentrant model


 *************** function _isdigit *****************
 Defined at:
		line 8 in file "C:\Users\Andrew\Desktop\xc8\sources\common\isdigit.c"
 Parameters:    Size  Location     Type
  c               1    wreg     unsigned char 
 Auto vars:     Size  Location     Type
  c               1    2[COMRAM] unsigned char 
 Return value:  Size  Location     Type
		None               void
 Registers used:
		wreg, status,2, status,0
 Tracked objects:
		On entry : 
		On exit  : 
		Unchanged: 
 Data sizes:     COMRAM   BANK0   BANK1   BANK2   BANK3   BANK4   BANK5   BANK6   BANK7   BANK8   BANK9  BANK10  BANK11  BANK12  BANK13  BANK14  BANK15
      Params:         0       0       0       0       0       0       0       0       0       0       0       0       0       0       0       0       0
      Locals:         2       0       0       0       0       0       0       0       0       0       0       0       0       0       0       0       0
      Temps:          1       0       0       0       0       0       0       0       0       0       0       0       0       0       0       0       0
      Totals:         3       0       0       0       0       0       0       0       0       0       0       0       0       0       0       0       0
Total ram usage:        3 bytes
 Hardware stack levels used:    1
 This function calls:
		Nothing
 This function is called by:
		_printf
 This function uses a non-reentrant model


 *************** function ___wmul *****************
 Defined at:
		line 15 in file "C:\Users\Andrew\Desktop\xc8\sources\common\Umul16.c"
 Parameters:    Size  Location     Type
  multiplier      2    0[COMRAM] unsigned int 
  multiplicand    2    2[COMRAM] unsigned int 
 Auto vars:     Size  Location     Type
  product         2    4[COMRAM] unsigned int 
 Return value:  Size  Location     Type
                  2    0[COMRAM] unsigned int 
 Registers used:
		wreg, status,2, status,0, prodl, prodh
 Tracked objects:
		On entry : 
		On exit  : 
		Unchanged: 
 Data sizes:     COMRAM   BANK0   BANK1   BANK2   BANK3   BANK4   BANK5   BANK6   BANK7   BANK8   BANK9  BANK10  BANK11  BANK12  BANK13  BANK14  BANK15
      Params:         4       0       0       0       0       0       0       0       0       0       0       0       0       0       0       0       0
      Locals:         2       0       0       0       0       0       0       0       0       0       0       0       0       0       0       0       0
      Temps:          0       0       0       0       0       0       0       0       0       0       0       0       0       0       0       0       0
      Totals:         6       0       0       0       0       0       0       0       0       0       0       0       0       0       0       0       0
Total ram usage:        6 bytes
 Hardware stack levels used:    1
 This function calls:
		Nothing
 This function is called by:
		_printf
 This function uses a non-reentrant model


 *************** function ___lwmod *****************
 Defined at:
		line 8 in file "C:\Users\Andrew\Desktop\xc8\sources\common\lwmod.c"
 Parameters:    Size  Location     Type
  dividend        2    7[COMRAM] unsigned int 
  divisor         2    9[COMRAM] unsigned int 
 Auto vars:     Size  Location     Type
  counter         1   11[COMRAM] unsigned char 
 Return value:  Size  Location     Type
                  2    7[COMRAM] unsigned int 
 Registers used:
		wreg, status,2, status,0
 Tracked objects:
		On entry : 
		On exit  : 
		Unchanged: 
 Data sizes:     COMRAM   BANK0   BANK1   BANK2   BANK3   BANK4   BANK5   BANK6   BANK7   BANK8   BANK9  BANK10  BANK11  BANK12  BANK13  BANK14  BANK15
      Params:         4       0       0       0       0       0       0       0       0       0       0       0       0       0       0       0       0
      Locals:         1       0       0       0       0       0       0       0       0       0       0       0       0       0       0       0       0
      Temps:          0       0       0       0       0       0       0       0       0       0       0       0       0       0       0       0       0
      Totals:         5       0       0       0       0       0       0       0       0       0       0       0       0       0       0       0       0
Total ram usage:        5 bytes
 Hardware stack levels used:    1
 This function calls:
		Nothing
 This function is called by:
		_printf
 This function uses a non-reentrant model


 *************** function ___lwdiv *****************
 Defined at:
		line 8 in file "C:\Users\Andrew\Desktop\xc8\sources\common\lwdiv.c"
 Parameters:    Size  Location     Type
  dividend        2    0[COMRAM] unsigned int 
  divisor         2    2[COMRAM] unsigned int 
 Auto vars:     Size  Location     Type
  quotient        2    4[COMRAM] unsigned int 
  counter         1    6[COMRAM] unsigned char 
 Return value:  Size  Location     Type
                  2    0[COMRAM] unsigned int 
 Registers used:
		wreg, status,2, status,0
 Tracked objects:
		On entry : 
		On exit  : 
		Unchanged: 
 Data sizes:     COMRAM   BANK0   BANK1   BANK2   BANK3   BANK4   BANK5   BANK6   BANK7   BANK8   BANK9  BANK10  BANK11  BANK12  BANK13  BANK14  BANK15
      Params:         4       0       0       0       0       0       0       0       0       0       0       0       0       0       0       0       0
      Locals:         3       0       0       0       0       0       0       0       0       0       0       0       0       0       0       0       0
      Temps:          0       0       0       0       0       0       0       0       0       0       0       0       0       0       0       0       0
      Totals:         7       0       0       0       0       0       0       0       0       0       0       0       0       0       0       0       0
Total ram usage:        7 bytes
 Hardware stack levels used:    1
 This function calls:
		Nothing
 This function is called by:
		_main
		_printf
 This function uses a non-reentrant model


 *************** function _poweroff_sensor *****************
 Defined at:
		line 87 in file "main.c"
 Parameters:    Size  Location     Type
		None
 Auto vars:     Size  Location     Type
		None
 Return value:  Size  Location     Type
                  1    wreg      void 
 Registers used:
		wreg, status,2, status,0, cstack
 Tracked objects:
		On entry : 
		On exit  : 
		Unchanged: 
 Data sizes:     COMRAM   BANK0   BANK1   BANK2   BANK3   BANK4   BANK5   BANK6   BANK7   BANK8   BANK9  BANK10  BANK11  BANK12  BANK13  BANK14  BANK15
      Params:         0       0       0       0       0       0       0       0       0       0       0       0       0       0       0       0       0
      Locals:         0       0       0       0       0       0       0       0       0       0       0       0       0       0       0       0       0
      Temps:          0       0       0       0       0       0       0       0       0       0       0       0       0       0       0       0       0
      Totals:         0       0       0       0       0       0       0       0       0       0       0       0       0       0       0       0       0
Total ram usage:        0 bytes
 Hardware stack levels used:    1
 Hardware stack levels required when called:    2
 This function calls:
		_I2C_Master_Start
		_I2C_Master_Stop
		_I2C_Master_Write
 This function is called by:
		_main
 This function uses a non-reentrant model


 *************** function _initLCD *****************
 Defined at:
		line 14 in file "lcd.c"
 Parameters:    Size  Location     Type
		None
 Auto vars:     Size  Location     Type
		None
 Return value:  Size  Location     Type
                  1    wreg      void 
 Registers used:
		wreg, status,2, status,0, cstack
 Tracked objects:
		On entry : 
		On exit  : 
		Unchanged: 
 Data sizes:     COMRAM   BANK0   BANK1   BANK2   BANK3   BANK4   BANK5   BANK6   BANK7   BANK8   BANK9  BANK10  BANK11  BANK12  BANK13  BANK14  BANK15
      Params:         0       0       0       0       0       0       0       0       0       0       0       0       0       0       0       0       0
      Locals:         0       0       0       0       0       0       0       0       0       0       0       0       0       0       0       0       0
      Temps:          1       0       0       0       0       0       0       0       0       0       0       0       0       0       0       0       0
      Totals:         1       0       0       0       0       0       0       0       0       0       0       0       0       0       0       0       0
Total ram usage:        1 bytes
 Hardware stack levels used:    1
 Hardware stack levels required when called:    2
 This function calls:
		_lcdInst
 This function is called by:
		_main
 This function uses a non-reentrant model


 *************** function _lcdInst *****************
 Defined at:
		line 25 in file "lcd.c"
 Parameters:    Size  Location     Type
  data            1    wreg     unsigned char 
 Auto vars:     Size  Location     Type
  data            1    2[COMRAM] unsigned char 
 Return value:  Size  Location     Type
                  1    wreg      void 
 Registers used:
		wreg, status,2, status,0, cstack
 Tracked objects:
		On entry : 
		On exit  : 
		Unchanged: 
 Data sizes:     COMRAM   BANK0   BANK1   BANK2   BANK3   BANK4   BANK5   BANK6   BANK7   BANK8   BANK9  BANK10  BANK11  BANK12  BANK13  BANK14  BANK15
      Params:         0       0       0       0       0       0       0       0       0       0       0       0       0       0       0       0       0
      Locals:         1       0       0       0       0       0       0       0       0       0       0       0       0       0       0       0       0
      Temps:          0       0       0       0       0       0       0       0       0       0       0       0       0       0       0       0       0
      Totals:         1       0       0       0       0       0       0       0       0       0       0       0       0       0       0       0       0
Total ram usage:        1 bytes
 Hardware stack levels used:    1
 Hardware stack levels required when called:    1
 This function calls:
		_lcdNibble
 This function is called by:
		_main
		_initLCD
 This function uses a non-reentrant model


 *************** function _lcdNibble *****************
 Defined at:
		line 35 in file "lcd.c"
 Parameters:    Size  Location     Type
  data            1    wreg     unsigned char 
 Auto vars:     Size  Location     Type
  data            1    1[COMRAM] unsigned char 
  temp            1    0[COMRAM] unsigned char 
 Return value:  Size  Location     Type
                  1    wreg      void 
 Registers used:
		wreg, status,2, status,0
 Tracked objects:
		On entry : 
		On exit  : 
		Unchanged: 
 Data sizes:     COMRAM   BANK0   BANK1   BANK2   BANK3   BANK4   BANK5   BANK6   BANK7   BANK8   BANK9  BANK10  BANK11  BANK12  BANK13  BANK14  BANK15
      Params:         0       0       0       0       0       0       0       0       0       0       0       0       0       0       0       0       0
      Locals:         2       0       0       0       0       0       0       0       0       0       0       0       0       0       0       0       0
      Temps:          0       0       0       0       0       0       0       0       0       0       0       0       0       0       0       0       0
      Totals:         2       0       0       0       0       0       0       0       0       0       0       0       0       0       0       0       0
Total ram usage:        2 bytes
 Hardware stack levels used:    1
 This function calls:
		Nothing
 This function is called by:
		_lcdInst
		_putch
 This function uses a non-reentrant model


 *************** function _check_B_press *****************
 Defined at:
		line 147 in file "main.c"
 Parameters:    Size  Location     Type
  key             1    wreg     unsigned char 
  time            2    5[COMRAM] PTR unsigned char 
		 -> main@finalTime(2), 
 Auto vars:     Size  Location     Type
  key             1    8[COMRAM] unsigned char 
 Return value:  Size  Location     Type
                  1    wreg      unsigned char 
 Registers used:
		wreg, fsr2l, fsr2h, status,2, status,0, cstack
 Tracked objects:
		On entry : 
		On exit  : 
		Unchanged: 
 Data sizes:     COMRAM   BANK0   BANK1   BANK2   BANK3   BANK4   BANK5   BANK6   BANK7   BANK8   BANK9  BANK10  BANK11  BANK12  BANK13  BANK14  BANK15
      Params:         2       0       0       0       0       0       0       0       0       0       0       0       0       0       0       0       0
      Locals:         1       0       0       0       0       0       0       0       0       0       0       0       0       0       0       0       0
      Temps:          1       0       0       0       0       0       0       0       0       0       0       0       0       0       0       0       0
      Totals:         4       0       0       0       0       0       0       0       0       0       0       0       0       0       0       0       0
Total ram usage:        4 bytes
 Hardware stack levels used:    1
 Hardware stack levels required when called:    3
 This function calls:
		_timer_done
 This function is called by:
		_main
 This function uses a non-reentrant model


 *************** function _timer_done *****************
 Defined at:
		line 122 in file "main.c"
 Parameters:    Size  Location     Type
  time            2    3[COMRAM] PTR unsigned char 
		 -> main@finalTime(2), 
 Auto vars:     Size  Location     Type
		None
 Return value:  Size  Location     Type
                  1    wreg      void 
 Registers used:
		wreg, fsr2l, fsr2h, status,2, status,0, cstack
 Tracked objects:
		On entry : 
		On exit  : 
		Unchanged: 
 Data sizes:     COMRAM   BANK0   BANK1   BANK2   BANK3   BANK4   BANK5   BANK6   BANK7   BANK8   BANK9  BANK10  BANK11  BANK12  BANK13  BANK14  BANK15
      Params:         2       0       0       0       0       0       0       0       0       0       0       0       0       0       0       0       0
      Locals:         0       0       0       0       0       0       0       0       0       0       0       0       0       0       0       0       0
      Temps:          0       0       0       0       0       0       0       0       0       0       0       0       0       0       0       0       0
      Totals:         2       0       0       0       0       0       0       0       0       0       0       0       0       0       0       0       0
Total ram usage:        2 bytes
 Hardware stack levels used:    1
 Hardware stack levels required when called:    2
 This function calls:
		_I2C_Master_Read
		_I2C_Master_Start
		_I2C_Master_Stop
		_I2C_Master_Write
 This function is called by:
		_check_B_press
 This function uses a non-reentrant model


 *************** function _I2C_Master_Write *****************
 Defined at:
		line 46 in file "I2C.c"
 Parameters:    Size  Location     Type
  d               2    1[COMRAM] unsigned int 
 Auto vars:     Size  Location     Type
		None
 Return value:  Size  Location     Type
                  1    wreg      void 
 Registers used:
		wreg, status,2, status,0, cstack
 Tracked objects:
		On entry : 
		On exit  : 
		Unchanged: 
 Data sizes:     COMRAM   BANK0   BANK1   BANK2   BANK3   BANK4   BANK5   BANK6   BANK7   BANK8   BANK9  BANK10  BANK11  BANK12  BANK13  BANK14  BANK15
      Params:         2       0       0       0       0       0       0       0       0       0       0       0       0       0       0       0       0
      Locals:         0       0       0       0       0       0       0       0       0       0       0       0       0       0       0       0       0
      Temps:          0       0       0       0       0       0       0       0       0       0       0       0       0       0       0       0       0
      Totals:         2       0       0       0       0       0       0       0       0       0       0       0       0       0       0       0       0
Total ram usage:        2 bytes
 Hardware stack levels used:    1
 Hardware stack levels required when called:    1
 This function calls:
		_I2C_Master_Wait
 This function is called by:
		_set_time
		_read_sensor
		_poweroff_sensor
		_timer_done
		_tca_select
 This function uses a non-reentrant model


 *************** function _I2C_Master_Stop *****************
 Defined at:
		line 40 in file "I2C.c"
 Parameters:    Size  Location     Type
		None
 Auto vars:     Size  Location     Type
		None
 Return value:  Size  Location     Type
                  1    wreg      void 
 Registers used:
		wreg, status,2, status,0, cstack
 Tracked objects:
		On entry : 
		On exit  : 
		Unchanged: 
 Data sizes:     COMRAM   BANK0   BANK1   BANK2   BANK3   BANK4   BANK5   BANK6   BANK7   BANK8   BANK9  BANK10  BANK11  BANK12  BANK13  BANK14  BANK15
      Params:         0       0       0       0       0       0       0       0       0       0       0       0       0       0       0       0       0
      Locals:         0       0       0       0       0       0       0       0       0       0       0       0       0       0       0       0       0
      Temps:          0       0       0       0       0       0       0       0       0       0       0       0       0       0       0       0       0
      Totals:         0       0       0       0       0       0       0       0       0       0       0       0       0       0       0       0       0
Total ram usage:        0 bytes
 Hardware stack levels used:    1
 Hardware stack levels required when called:    1
 This function calls:
		_I2C_Master_Wait
 This function is called by:
		_set_time
		_read_sensor
		_poweroff_sensor
		_timer_done
		_tca_select
 This function uses a non-reentrant model


 *************** function _I2C_Master_Start *****************
 Defined at:
		line 28 in file "I2C.c"
 Parameters:    Size  Location     Type
		None
 Auto vars:     Size  Location     Type
		None
 Return value:  Size  Location     Type
                  2    2[None  ] int 
 Registers used:
		wreg, status,2, status,0, cstack
 Tracked objects:
		On entry : 
		On exit  : 
		Unchanged: 
 Data sizes:     COMRAM   BANK0   BANK1   BANK2   BANK3   BANK4   BANK5   BANK6   BANK7   BANK8   BANK9  BANK10  BANK11  BANK12  BANK13  BANK14  BANK15
      Params:         0       0       0       0       0       0       0       0       0       0       0       0       0       0       0       0       0
      Locals:         0       0       0       0       0       0       0       0       0       0       0       0       0       0       0       0       0
      Temps:          0       0       0       0       0       0       0       0       0       0       0       0       0       0       0       0       0
      Totals:         0       0       0       0       0       0       0       0       0       0       0       0       0       0       0       0       0
Total ram usage:        0 bytes
 Hardware stack levels used:    1
 Hardware stack levels required when called:    1
 This function calls:
		_I2C_Master_Wait
 This function is called by:
		_set_time
		_read_sensor
		_poweroff_sensor
		_timer_done
		_tca_select
 This function uses a non-reentrant model


 *************** function _I2C_Master_Read *****************
 Defined at:
		line 52 in file "I2C.c"
 Parameters:    Size  Location     Type
  a               1    wreg     unsigned char 
 Auto vars:     Size  Location     Type
  a               1    1[COMRAM] unsigned char 
  temp            1    2[COMRAM] unsigned char 
 Return value:  Size  Location     Type
                  1    wreg      unsigned char 
 Registers used:
		wreg, status,2, status,0, cstack
 Tracked objects:
		On entry : 
		On exit  : 
		Unchanged: 
 Data sizes:     COMRAM   BANK0   BANK1   BANK2   BANK3   BANK4   BANK5   BANK6   BANK7   BANK8   BANK9  BANK10  BANK11  BANK12  BANK13  BANK14  BANK15
      Params:         0       0       0       0       0       0       0       0       0       0       0       0       0       0       0       0       0
      Locals:         2       0       0       0       0       0       0       0       0       0       0       0       0       0       0       0       0
      Temps:          0       0       0       0       0       0       0       0       0       0       0       0       0       0       0       0       0
      Totals:         2       0       0       0       0       0       0       0       0       0       0       0       0       0       0       0       0
Total ram usage:        2 bytes
 Hardware stack levels used:    1
 Hardware stack levels required when called:    1
 This function calls:
		_I2C_Master_Wait
 This function is called by:
		_read_sensor
		_timer_done
 This function uses a non-reentrant model


 *************** function _I2C_Master_Wait *****************
 Defined at:
		line 23 in file "I2C.c"
 Parameters:    Size  Location     Type
		None
 Auto vars:     Size  Location     Type
		None
 Return value:  Size  Location     Type
                  1    wreg      void 
 Registers used:
		wreg, status,2, status,0
 Tracked objects:
		On entry : 
		On exit  : 
		Unchanged: 
 Data sizes:     COMRAM   BANK0   BANK1   BANK2   BANK3   BANK4   BANK5   BANK6   BANK7   BANK8   BANK9  BANK10  BANK11  BANK12  BANK13  BANK14  BANK15
      Params:         0       0       0       0       0       0       0       0       0       0       0       0       0       0       0       0       0
      Locals:         0       0       0       0       0       0       0       0       0       0       0       0       0       0       0       0       0
      Temps:          1       0       0       0       0       0       0       0       0       0       0       0       0       0       0       0       0
      Totals:         1       0       0       0       0       0       0       0       0       0       0       0       0       0       0       0       0
Total ram usage:        1 bytes
 Hardware stack levels used:    1
 This function calls:
		Nothing
 This function is called by:
		_I2C_Master_Start
		_I2C_Master_Stop
		_I2C_Master_Write
		_I2C_Master_Read
		_I2C_Master_RepeatedStart
 This function uses a non-reentrant model


 *************** function _agitator_move *****************
 Defined at:
		line 51 in file "main.c"
 Parameters:    Size  Location     Type
  a               1    wreg     void 
  b               1    0[COMRAM] void 
 Auto vars:     Size  Location     Type
  a               1    1[COMRAM] void 
 Return value:  Size  Location     Type
                  1    wreg      void 
 Registers used:
		wreg
 Tracked objects:
		On entry : 
		On exit  : 
		Unchanged: 
 Data sizes:     COMRAM   BANK0   BANK1   BANK2   BANK3   BANK4   BANK5   BANK6   BANK7   BANK8   BANK9  BANK10  BANK11  BANK12  BANK13  BANK14  BANK15
      Params:         1       0       0       0       0       0       0       0       0       0       0       0       0       0       0       0       0
      Locals:         1       0       0       0       0       0       0       0       0       0       0       0       0       0       0       0       0
      Temps:          0       0       0       0       0       0       0       0       0       0       0       0       0       0       0       0       0
      Totals:         2       0       0       0       0       0       0       0       0       0       0       0       0       0       0       0       0
Total ram usage:        2 bytes
 Hardware stack levels used:    1
 This function calls:
		Nothing
 This function is called by:
		_main
 This function uses a non-reentrant model


 *************** function _activate_stepper *****************
 Defined at:
		line 30 in file "main.c"
 Parameters:    Size  Location     Type
  motor           1    wreg     unsigned char 
 Auto vars:     Size  Location     Type
  motor           1    2[COMRAM] unsigned char 
  i               1    3[COMRAM] unsigned char 
 Return value:  Size  Location     Type
                  1    wreg      void 
 Registers used:
		wreg, status,2, status,0, prodl, prodh
 Tracked objects:
		On entry : 
		On exit  : 
		Unchanged: 
 Data sizes:     COMRAM   BANK0   BANK1   BANK2   BANK3   BANK4   BANK5   BANK6   BANK7   BANK8   BANK9  BANK10  BANK11  BANK12  BANK13  BANK14  BANK15
      Params:         0       0       0       0       0       0       0       0       0       0       0       0       0       0       0       0       0
      Locals:         2       0       0       0       0       0       0       0       0       0       0       0       0       0       0       0       0
      Temps:          2       0       0       0       0       0       0       0       0       0       0       0       0       0       0       0       0
      Totals:         4       0       0       0       0       0       0       0       0       0       0       0       0       0       0       0       0
Total ram usage:        4 bytes
 Hardware stack levels used:    1
 This function calls:
		Nothing
 This function is called by:
		_main
 This function uses a non-reentrant model


 *************** function ___lwtoft *****************
 Defined at:
		line 28 in file "C:\Users\Andrew\Desktop\xc8\sources\common\lwtoft.c"
 Parameters:    Size  Location     Type
  c               2    8[COMRAM] unsigned int 
 Auto vars:     Size  Location     Type
		None
 Return value:  Size  Location     Type
                  3    8[COMRAM] float 
 Registers used:
		wreg, status,2, status,0, cstack
 Tracked objects:
		On entry : 
		On exit  : 
		Unchanged: 
 Data sizes:     COMRAM   BANK0   BANK1   BANK2   BANK3   BANK4   BANK5   BANK6   BANK7   BANK8   BANK9  BANK10  BANK11  BANK12  BANK13  BANK14  BANK15
      Params:         3       0       0       0       0       0       0       0       0       0       0       0       0       0       0       0       0
      Locals:         0       0       0       0       0       0       0       0       0       0       0       0       0       0       0       0       0
      Temps:          0       0       0       0       0       0       0       0       0       0       0       0       0       0       0       0       0
      Totals:         3       0       0       0       0       0       0       0       0       0       0       0       0       0       0       0       0
Total ram usage:        3 bytes
 Hardware stack levels used:    1
 Hardware stack levels required when called:    1
 This function calls:
		___ftpack
 This function is called by:
		_main
 This function uses a non-reentrant model


 *************** function ___ftpack *****************
 Defined at:
		line 62 in file "C:\Users\Andrew\Desktop\xc8\sources\common\float.c"
 Parameters:    Size  Location     Type
  arg             3    0[COMRAM] unsigned um
  exp             1    3[COMRAM] unsigned char 
  sign            1    4[COMRAM] unsigned char 
 Auto vars:     Size  Location     Type
		None
 Return value:  Size  Location     Type
                  3    0[COMRAM] float 
 Registers used:
		wreg, status,2, status,0
 Tracked objects:
		On entry : 
		On exit  : 
		Unchanged: 
 Data sizes:     COMRAM   BANK0   BANK1   BANK2   BANK3   BANK4   BANK5   BANK6   BANK7   BANK8   BANK9  BANK10  BANK11  BANK12  BANK13  BANK14  BANK15
      Params:         5       0       0       0       0       0       0       0       0       0       0       0       0       0       0       0       0
      Locals:         0       0       0       0       0       0       0       0       0       0       0       0       0       0       0       0       0
      Temps:          3       0       0       0       0       0       0       0       0       0       0       0       0       0       0       0       0
      Totals:         8       0       0       0       0       0       0       0       0       0       0       0       0       0       0       0       0
Total ram usage:        8 bytes
 Hardware stack levels used:    1
 This function calls:
		Nothing
 This function is called by:
		___lwtoft
 This function uses a non-reentrant model


 *************** function ___ftge *****************
 Defined at:
		line 4 in file "C:\Users\Andrew\Desktop\xc8\sources\common\ftge.c"
 Parameters:    Size  Location     Type
  ff1             3   11[COMRAM] float 
  ff2             3   14[COMRAM] float 
 Auto vars:     Size  Location     Type
		None
 Return value:  Size  Location     Type
		None               void
 Registers used:
		wreg, status,2, status,0
 Tracked objects:
		On entry : 
		On exit  : 
		Unchanged: 
 Data sizes:     COMRAM   BANK0   BANK1   BANK2   BANK3   BANK4   BANK5   BANK6   BANK7   BANK8   BANK9  BANK10  BANK11  BANK12  BANK13  BANK14  BANK15
      Params:         6       0       0       0       0       0       0       0       0       0       0       0       0       0       0       0       0
      Locals:         0       0       0       0       0       0       0       0       0       0       0       0       0       0       0       0       0
      Temps:          3       0       0       0       0       0       0       0       0       0       0       0       0       0       0       0       0
      Totals:         9       0       0       0       0       0       0       0       0       0       0       0       0       0       0       0       0
Total ram usage:        9 bytes
 Hardware stack levels used:    1
 This function calls:
		Nothing
 This function is called by:
		_main
 This function uses a non-reentrant model


 *************** function _I2C_Master_Init *****************
 Defined at:
		line 12 in file "I2C.c"
 Parameters:    Size  Location     Type
  c               4   13[COMRAM] const unsigned long 
 Auto vars:     Size  Location     Type
		None
 Return value:  Size  Location     Type
                  1    wreg      void 
 Registers used:
		wreg, status,2, status,0, cstack
 Tracked objects:
		On entry : 
		On exit  : 
		Unchanged: 
 Data sizes:     COMRAM   BANK0   BANK1   BANK2   BANK3   BANK4   BANK5   BANK6   BANK7   BANK8   BANK9  BANK10  BANK11  BANK12  BANK13  BANK14  BANK15
      Params:         4       0       0       0       0       0       0       0       0       0       0       0       0       0       0       0       0
      Locals:         0       0       0       0       0       0       0       0       0       0       0       0       0       0       0       0       0
      Temps:          4       0       0       0       0       0       0       0       0       0       0       0       0       0       0       0       0
      Totals:         8       0       0       0       0       0       0       0       0       0       0       0       0       0       0       0       0
Total ram usage:        8 bytes
 Hardware stack levels used:    1
 Hardware stack levels required when called:    1
 This function calls:
		___lldiv
 This function is called by:
		_main
 This function uses a non-reentrant model


 *************** function ___lldiv *****************
 Defined at:
		line 8 in file "C:\Users\Andrew\Desktop\xc8\sources\common\lldiv.c"
 Parameters:    Size  Location     Type
  dividend        4    0[COMRAM] unsigned long 
  divisor         4    4[COMRAM] unsigned long 
 Auto vars:     Size  Location     Type
  quotient        4    8[COMRAM] unsigned long 
  counter         1   12[COMRAM] unsigned char 
 Return value:  Size  Location     Type
                  4    0[COMRAM] unsigned long 
 Registers used:
		wreg, status,2, status,0
 Tracked objects:
		On entry : 
		On exit  : 
		Unchanged: 
 Data sizes:     COMRAM   BANK0   BANK1   BANK2   BANK3   BANK4   BANK5   BANK6   BANK7   BANK8   BANK9  BANK10  BANK11  BANK12  BANK13  BANK14  BANK15
      Params:         8       0       0       0       0       0       0       0       0       0       0       0       0       0       0       0       0
      Locals:         5       0       0       0       0       0       0       0       0       0       0       0       0       0       0       0       0
      Temps:          0       0       0       0       0       0       0       0       0       0       0       0       0       0       0       0       0
      Totals:        13       0       0       0       0       0       0       0       0       0       0       0       0       0       0       0       0
Total ram usage:       13 bytes
 Hardware stack levels used:    1
 This function calls:
		Nothing
 This function is called by:
		_I2C_Master_Init
 This function uses a non-reentrant model



MODULE INFORMATION

Module		Function		Class		Link	Load	Size
C:\Users\Andrew\Desktop\xc8\sources\common\float.c
		___ftpack      		CODE           	F1E6	0000	175

C:\Users\Andrew\Desktop\xc8\sources\common\float.c estimated size: 175

C:\Users\Andrew\Desktop\xc8\sources\common\lwmod.c
		___lwmod       		CODE           	EDA2	0000	67

C:\Users\Andrew\Desktop\xc8\sources\common\lwmod.c estimated size: 67

C:\Users\Andrew\Desktop\xc8\sources\common\doprnt.c
		_printf        		CODE           	F382	0000	781

C:\Users\Andrew\Desktop\xc8\sources\common\doprnt.c estimated size: 781

C:\Users\Andrew\Desktop\xc8\sources\common\isdigit.c
		_isdigit       		CODE           	EC76	0000	31

C:\Users\Andrew\Desktop\xc8\sources\common\isdigit.c estimated size: 31

C:\Users\Andrew\Desktop\xc8\sources\common\Umul16.c
		___wmul        		CODE           	ED00	0000	39

C:\Users\Andrew\Desktop\xc8\sources\common\Umul16.c estimated size: 39

I2C.c
		_I2C_Master_Read		CODE           	ECDA	0000	39
		_I2C_Master_Wait		CODE           	EC36	0000	19
		_I2C_Master_Init		CODE           	EF24	0000	91
		_I2C_Master_Stop		CODE           	EC0C	0000	9
		_I2C_Master_Write		CODE           	EC14	0000	11
		_I2C_Master_Start		CODE           	EC04	0000	9

I2C.c estimated size: 178

C:\Users\Andrew\Desktop\xc8\sources\common\lwdiv.c
		___lwdiv       		CODE           	EE7C	0000	83

C:\Users\Andrew\Desktop\xc8\sources\common\lwdiv.c estimated size: 83

C:\Users\Andrew\Desktop\xc8\sources\common\ftge.c
		___ftge        		CODE           	F156	0000	145

C:\Users\Andrew\Desktop\xc8\sources\common\ftge.c estimated size: 145

C:\Users\Andrew\Desktop\xc8\sources\common\lldiv.c
		___lldiv       		CODE           	F0D4	0000	131

C:\Users\Andrew\Desktop\xc8\sources\common\lldiv.c estimated size: 131

shared
		_dpowers       		MEDIUMCONST    	FEB5	0000	11
		__initialization		CODE           	EC48	0000	13
		_hexpowers     		MEDIUMCONST    	FEBF	0000	9

shared estimated size: 33

lcd.c
		_putch         		CODE           	EC2A	0000	13
		_lcdInst       		CODE           	EC1E	0000	13
		_lcdNibble     		CODE           	EECE	0000	87
		_initLCD       		CODE           	EDE4	0000	71

lcd.c estimated size: 184

main.c
		_poweroff_sensor		CODE           	EC94	0000	35
		_timer_done    		CODE           	EF7E	0000	91
		_stop_rotate   		CODE           	EC00	0000	5
		_main          		CODE           	F68E	0000	2087
		_return_motors 		CODE           	F054	0000	129
		_tca_select    		CODE           	ED64	0000	63
		_read_sensor   		CODE           	F294	0000	239
		_set_time      		CODE           	ED26	0000	63
		_rotate        		CODE           	EBFC	0000	5
		_check_B_press 		CODE           	EE2A	0000	83
		_activate_stepper		CODE           	EFD8	0000	125
		_agitator_move 		CODE           	EC5E	0000	25

main.c estimated size: 2950

C:\Users\Andrew\Desktop\xc8\sources\common\lwtoft.c
		___lwtoft      		CODE           	ECB6	0000	37

C:\Users\Andrew\Desktop\xc8\sources\common\lwtoft.c estimated size: 37

